%!Adobe-FontList 1.24
%Locale:0x412

%BeginFont
Handler:DirectoryHandler
FontType:Invalid
OutlineFileName:F:\osu!\Skins\osu-story-skin-edited\Font\hitcircle\default-0.png
FileModTime:1630683480
%EndFont

%BeginFont
Handler:DirectoryHandler
FontType:Invalid
OutlineFileName:F:\osu!\Skins\osu-story-skin-edited\Font\hitcircle\default-0@2x.png
FileModTime:1630683480
%EndFont

%BeginFont
Handler:DirectoryHandler
FontType:Invalid
OutlineFileName:F:\osu!\Skins\osu-story-skin-edited\Font\hitcircle\default-1.png
FileModTime:1630683480
%EndFont

%BeginFont
Handler:DirectoryHandler
FontType:Invalid
OutlineFileName:F:\osu!\Skins\osu-story-skin-edited\Font\hitcircle\default-1@2x.png
FileModTime:1630683480
%EndFont

%BeginFont
Handler:DirectoryHandler
FontType:Invalid
OutlineFileName:F:\osu!\Skins\osu-story-skin-edited\Font\hitcircle\default-2.png
FileModTime:1630683480
%EndFont

%BeginFont
Handler:DirectoryHandler
FontType:Invalid
OutlineFileName:F:\osu!\Skins\osu-story-skin-edited\Font\hitcircle\default-2@2x.png
FileModTime:1630683480
%EndFont

%BeginFont
Handler:DirectoryHandler
FontType:Invalid
OutlineFileName:F:\osu!\Skins\osu-story-skin-edited\Font\hitcircle\default-3.png
FileModTime:1630683480
%EndFont

%BeginFont
Handler:DirectoryHandler
FontType:Invalid
OutlineFileName:F:\osu!\Skins\osu-story-skin-edited\Font\hitcircle\default-3@2x.png
FileModTime:1630683480
%EndFont

%BeginFont
Handler:DirectoryHandler
FontType:Invalid
OutlineFileName:F:\osu!\Skins\osu-story-skin-edited\Font\hitcircle\default-4.png
FileModTime:1630683480
%EndFont

%BeginFont
Handler:DirectoryHandler
FontType:Invalid
OutlineFileName:F:\osu!\Skins\osu-story-skin-edited\Font\hitcircle\default-4@2x.png
FileModTime:1630683480
%EndFont

%BeginFont
Handler:DirectoryHandler
FontType:Invalid
OutlineFileName:F:\osu!\Skins\osu-story-skin-edited\Font\hitcircle\default-5.png
FileModTime:1630683480
%EndFont

%BeginFont
Handler:DirectoryHandler
FontType:Invalid
OutlineFileName:F:\osu!\Skins\osu-story-skin-edited\Font\hitcircle\default-5@2x.png
FileModTime:1630683480
%EndFont

%BeginFont
Handler:DirectoryHandler
FontType:Invalid
OutlineFileName:F:\osu!\Skins\osu-story-skin-edited\Font\hitcircle\default-6.png
FileModTime:1630683480
%EndFont

%BeginFont
Handler:DirectoryHandler
FontType:Invalid
OutlineFileName:F:\osu!\Skins\osu-story-skin-edited\Font\hitcircle\default-6@2x.png
FileModTime:1630683480
%EndFont

%BeginFont
Handler:DirectoryHandler
FontType:Invalid
OutlineFileName:F:\osu!\Skins\osu-story-skin-edited\Font\hitcircle\default-7.png
FileModTime:1630683480
%EndFont

%BeginFont
Handler:DirectoryHandler
FontType:Invalid
OutlineFileName:F:\osu!\Skins\osu-story-skin-edited\Font\hitcircle\default-7@2x.png
FileModTime:1630683480
%EndFont

%BeginFont
Handler:DirectoryHandler
FontType:Invalid
OutlineFileName:F:\osu!\Skins\osu-story-skin-edited\Font\hitcircle\default-8.png
FileModTime:1630683480
%EndFont

%BeginFont
Handler:DirectoryHandler
FontType:Invalid
OutlineFileName:F:\osu!\Skins\osu-story-skin-edited\Font\hitcircle\default-8@2x.png
FileModTime:1630683480
%EndFont

%BeginFont
Handler:DirectoryHandler
FontType:Invalid
OutlineFileName:F:\osu!\Skins\osu-story-skin-edited\Font\hitcircle\default-9.png
FileModTime:1630683480
%EndFont

%BeginFont
Handler:DirectoryHandler
FontType:Invalid
OutlineFileName:F:\osu!\Skins\osu-story-skin-edited\Font\hitcircle\default-9@2x.png
FileModTime:1630683480
%EndFont

%BeginFont
Handler:DirectoryHandler
FontType:Invalid
OutlineFileName:F:\osu!\Skins\osu-story-skin-edited\Font\score\score-0.png
FileModTime:1643465203
%EndFont

%BeginFont
Handler:DirectoryHandler
FontType:Invalid
OutlineFileName:F:\osu!\Skins\osu-story-skin-edited\Font\score\score-1.png
FileModTime:1643465212
%EndFont

%BeginFont
Handler:DirectoryHandler
FontType:Invalid
OutlineFileName:F:\osu!\Skins\osu-story-skin-edited\Font\score\score-2.png
FileModTime:1643465220
%EndFont

%BeginFont
Handler:DirectoryHandler
FontType:Invalid
OutlineFileName:F:\osu!\Skins\osu-story-skin-edited\Font\score\score-3.png
FileModTime:1643465228
%EndFont

%BeginFont
Handler:DirectoryHandler
FontType:Invalid
OutlineFileName:F:\osu!\Skins\osu-story-skin-edited\Font\score\score-4.png
FileModTime:1643516302
%EndFont

%BeginFont
Handler:DirectoryHandler
FontType:Invalid
OutlineFileName:F:\osu!\Skins\osu-story-skin-edited\Font\score\score-5.png
FileModTime:1643465233
%EndFont

%BeginFont
Handler:DirectoryHandler
FontType:Invalid
OutlineFileName:F:\osu!\Skins\osu-story-skin-edited\Font\score\score-6.png
FileModTime:1643465238
%EndFont

%BeginFont
Handler:DirectoryHandler
FontType:Invalid
OutlineFileName:F:\osu!\Skins\osu-story-skin-edited\Font\score\score-7.png
FileModTime:1643465247
%EndFont

%BeginFont
Handler:DirectoryHandler
FontType:Invalid
OutlineFileName:F:\osu!\Skins\osu-story-skin-edited\Font\score\score-8.png
FileModTime:1643465254
%EndFont

%BeginFont
Handler:DirectoryHandler
FontType:Invalid
OutlineFileName:F:\osu!\Skins\osu-story-skin-edited\Font\score\score-9.png
FileModTime:1643465264
%EndFont

%BeginFont
Handler:DirectoryHandler
FontType:Invalid
OutlineFileName:F:\osu!\Skins\osu-story-skin-edited\Font\score\score-comma.png
FileModTime:1643465273
%EndFont

%BeginFont
Handler:DirectoryHandler
FontType:Invalid
OutlineFileName:F:\osu!\Skins\osu-story-skin-edited\Font\score\score-dot.png
FileModTime:1643465279
%EndFont

%BeginFont
Handler:DirectoryHandler
FontType:Invalid
OutlineFileName:F:\osu!\Skins\osu-story-skin-edited\Font\score\score-percent.png
FileModTime:1690618074
%EndFont

%BeginFont
Handler:DirectoryHandler
FontType:Invalid
OutlineFileName:F:\osu!\Skins\osu-story-skin-edited\Font\score\score-x.png
FileModTime:1630662259
%EndFont

